
> food-intake-tracker@0.0.0 build
> tsc -b && vite build

src/components/ErrorBoundary.tsx(1,8): error TS6133: 'React' is declared but its value is never read.
src/components/FoodDiary.tsx(127,9): error TS6133: 'handleQuickAdd' is declared but its value is never read.
